⚠ Attempted to load @next/swc-win32-x64-msvc, but an error occurred: \\?\C:\Users\MSI\Desktop\scheduler\web\node_modules\@next\swc-win32-x64-msvc\next-swc.win32-x64-msvc.node is not a valid Win32 application.
\\?\C:\Users\MSI\Desktop\scheduler\web\node_modules\@next\swc-win32-x64-msvc\next-swc.win32-x64-msvc.node
⚠ Attempted to load @next/swc-win32-x64-msvc, but an error occurred: \\?\C:\Users\MSI\Desktop\scheduler\web\node_modules\@next\swc-win32-x64-msvc\next-swc.win32-x64-msvc.node is not a valid Win32 application.
\\?\C:\Users\MSI\Desktop\scheduler\web\node_modules\@next\swc-win32-x64-msvc\next-swc.win32-x64-msvc.node
Failed to compile.

./src/app/employees/page.tsx
Error:   x Expression expected
     ,-[C:\Users\MSI\Desktop\scheduler\web\src\app\employees\page.tsx:131:1]
 128 |                     {[e.team, e.position].filter(Boolean).join(" / ") || "—"}
 129 |                   </td>
 130 |                   </td>
 131 |                   <td className="hidden px-4 py-3 text-zinc-600 md:table-cell">
     :                   ^
 132 |                     {e.phone ?? "—"}
 133 |                   </td>
 134 |                   <td className="px-4 py-3">
     `----
  x Expected '</', got 'ident'
     ,-[C:\Users\MSI\Desktop\scheduler\web\src\app\employees\page.tsx:131:1]
 128 |                     {[e.team, e.position].filter(Boolean).join(" / ") || "—"}
 129 |                   </td>
 130 |                   </td>
 131 |                   <td className="hidden px-4 py-3 text-zinc-600 md:table-cell">
     :                       ^^^^^^^^^
 132 |                     {e.phone ?? "—"}
 133 |                   </td>
 134 |                   <td className="px-4 py-3">
     `----

Caused by:
    0: failed to process js file
    1: Syntax Error
    at __wbg_Error_83742b46f01ce22d (C:\Users\MSI\Desktop\scheduler\web\node_modules\next\wasm\@next\swc-wasm-nodejs\wasm.js:153:25)
    at wasm.wasm.wasm_bindgen[85fad33f9d8c6813]::__wbindgen_error_new::__wbg_Error_83742b46f01ce22d externref shim (wasm://wasm/wasm.wasm-073f0a46:wasm-function[28637]:0x11c83be)
    at wasm.wasm.wasm[45b31adcf0e553c2]::transform_sync (wasm://wasm/wasm.wasm-073f0a46:wasm-function[1167]:0x64ad3c)
    at wasm.wasm.wasm_bindgen_futures[c53a1ecb256a1440]::future_to_promise::<wasm[45b31adcf0e553c2]::transform::{closure#0}>::{closure#0}::{closure#0} (wasm://wasm/wasm.wasm-073f0a46:wasm-function[12296]:0xf5e607)
    at wasm.wasm.<wasm_bindgen_futures[c53a1ecb256a1440]::queue::Queue>::new::{closure#0} (wasm://wasm/wasm.wasm-073f0a46:wasm-function[8614]:0xdd9b37)
    at wasm.wasm.wasm_bindgen[85fad33f9d8c6813]::convert::closures::_::invoke::<wasm_bindgen[85fad33f9d8c6813]::JsValue, core[de86a6c1f3de1a5b]::result::Result<(), wasm_bindgen[85fad33f9d8c6813]::JsError>, true> (wasm://wasm/wasm.wasm-073f0a46:wasm-function[23540]:0x117a2fd)
    at wasm.wasm.wasm_bindgen[85fad33f9d8c6813]::convert::closures::_::invoke::<wasm_bindgen[85fad33f9d8c6813]::JsValue, core[de86a6c1f3de1a5b]::result::Result<(), wasm_bindgen[85fad33f9d8c6813]::JsError>, true> externref shim (wasm://wasm/wasm.wasm-073f0a46:wasm-function[28645]:0x11c8499)
    at wasm.wasm.wasm_bindgen[85fad33f9d8c6813]::convert::closures::_::invoke::<wasm_bindgen[85fad33f9d8c6813]::JsValue, core[de86a6c1f3de1a5b]::result::Result<(), wasm_bindgen[85fad33f9d8c6813]::JsError>, true> externref shim multivalue shim (wasm://wasm/wasm.wasm-073f0a46:wasm-function[27049]:0x11ba90f)
    at wasm_bindgen_85fad33f9d8c6813___convert__closures_____invoke___wasm_bindgen_85fad33f9d8c6813___JsValue__core_de86a6c1f3de1a5b___result__Result_____wasm_bindgen_85fad33f9d8c6813___JsError___true_ (C:\Users\MSI\Desktop\scheduler\web\node_modules\next\wasm\@next\swc-wasm-nodejs\wasm.js:467:22)
    at real (C:\Users\MSI\Desktop\scheduler\web\node_modules\next\wasm\@next\swc-wasm-nodejs\wasm.js:612:20)

Import trace for requested module:
./src/app/employees/page.tsx


> Build failed because of webpack errors
