
> web@0.1.0 build
> next build --webpack

▲ Next.js 16.3.1 (webpack)
✓ Running next.config.ts took 121ms
  Skipping creating a lockfile at C:\Users\MSI\Desktop\scheduler\web\.next\lock because we're using WASM bindings

  Creating an optimized production build ...
✓ Compiled successfully in 2.3s
  Running TypeScript ...
  Finished TypeScript in 1632ms ...
  Collecting page data using 10 workers ...
  Generating static pages using 10 workers (0/8) ...
  Generating static pages using 10 workers (2/8) 
  Generating static pages using 10 workers (4/8) 
  Generating static pages using 10 workers (6/8) 
✓ Generating static pages using 10 workers (8/8) in 1244ms
  Finalizing page optimization ...
  Collecting build traces ...

Route (app)
┌ ○ /
├ ○ /_not-found
├ ƒ /api/notify
├ ○ /attendance
├ ○ /employees
├ ○ /reports
└ ○ /stats


○  (Static)   prerendered as static content
ƒ  (Dynamic)  server-rendered on demand

